// Jest Snapshot v1, https://goo.gl/fbAQLP

exports[`Pruebas en GifItem.jsx Debera de hacer match con el snapshot 1`] = `
<div>
  <li
    class="card"
  >
    <a
      href="https://prueba.com/"
      target="_blank"
    >
      <img
        alt="Goku"
        src="https://prueba.com/"
      />
      <div
        class="card__description"
      >
        <p>
          Goku
        </p>
      </div>
    </a>
  </li>
</div>
`;
